// Jest Snapshot v1, https://goo.gl/fbAQLP

exports[`The histogram controller renders the histogram whenever frequencies are set 1`] = `"<svg xmlns="http://www.w3.org/2000/svg" data-us-mod-connected-users-histogram-target="svg"></svg>"`;

exports[`The histogram controller renders the histogram whenever frequencies are set 2`] = `
"<svg xmlns="http://www.w3.org/2000/svg" data-us-mod-connected-users-histogram-target="svg" viewBox="0 0 21 10.152892561983471"><g stroke-width="0.05076446280991736" class="gridLines">
        <defs><line id="gridLine" x1="0" x2="21" y1="0" y2="0"></line></defs>
        <use href="#gridLine"></use>
       <use href="#gridLine" y="10.152892561983471"></use><use href="#gridLine" y="6.768595041322314"></use><use href="#gridLine" y="3.384297520661157"></use></g>
        <rect width="4" height="10.152892561983471" x="1" y="0" data-bucket-index="0" data-bucket-conn-count="2" class="threshold">
          <title>Overlapping on 2 ips: 3 accounts</title>
        </rect>
       
        <rect width="4" height="0" x="6" y="10.152892561983471" data-bucket-index="1" data-bucket-conn-count="3">
          <title>Overlapping on 3 ips: 0 accounts</title>
        </rect>
       
        <rect width="4" height="0" x="11" y="10.152892561983471" data-bucket-index="2" data-bucket-conn-count="4">
          <title>Overlapping on 4 ips: 0 accounts</title>
        </rect>
       
        <rect width="4" height="6.768595041322314" x="16" y="3.384297520661157" data-bucket-index="3" data-bucket-conn-count="5">
          <title>Overlapping on 5 ips: 2 accounts</title>
        </rect>
       </svg>"
`;

exports[`The histogram controller renders the histogram whenever frequencies are set 3`] = `
"<svg xmlns="http://www.w3.org/2000/svg" data-us-mod-connected-users-histogram-target="svg" viewBox="0 0 16 7.735537190082645"><g stroke-width="0.038677685950413224" class="gridLines">
        <defs><line id="gridLine" x1="0" x2="16" y1="0" y2="0"></line></defs>
        <use href="#gridLine"></use>
       <use href="#gridLine" y="7.735537190082645"></use><use href="#gridLine" y="6.621326772581872"></use><use href="#gridLine" y="5.4994654757558425"></use><use href="#gridLine" y="4.1914473739513936"></use><use href="#gridLine" y="3.2633937614290405"></use><use href="#gridLine" y="2.5435394544042946"></use><use href="#gridLine" y="1.9553756596245915"></use><use href="#gridLine" y="1.4580902567935121"></use><use href="#gridLine" y="1.0273220471022384"></use><use href="#gridLine" y="0.6473575578201425"></use><use href="#gridLine" y="0.30746774007749256"></use></g>
        <rect width="4" height="1.1142104175007728" x="1" y="6.621326772581872" data-bucket-index="0" data-bucket-conn-count="1" class="threshold">
          <title>Overlapping on 1 ip: 1 account</title>
        </rect>
       
        <rect width="4" height="0" x="6" y="7.735537190082645" data-bucket-index="1" data-bucket-conn-count="2">
          <title>Overlapping on 2 ips: 0 accounts</title>
        </rect>
       
        <rect width="4" height="7.735537190082645" x="11" y="0" data-bucket-index="2" data-bucket-conn-count="3">
          <title>Overlapping on 3 ips: 11 accounts</title>
        </rect>
       </svg>"
`;
